True
[array (0,1) [(0,(1,2)),(1,(1,1))],array (0,1) [(0,(3,2)),(1,(3,1))]]
Just ("a","ba","ca",["b"])
